GAMS 54.4.0  9a60ae27 Sep 9, 2026           DAX-DAC arm 64bit/macOS - 09/29/26 14:34:30 Page 1
G e n e r a l   A l g e b r a i c   M o d e l i n g   S y s t e m
C o m p i l a t i o n


      Resevoir Operation Problem
       
      Taken from:
      HW3-LinearProgramingInGAMS.docx
      USU CEE 6410
      Dr. Rosenberg
       
      A reservoir is designed to provide water for irrigation. The reservoir has a capacity of 9,000 acre-
      feet. Initial storage is 3,000 acre-feet of water. The size of the diversion canal and farmed area is
      very large relative to the amount of irrigation water available, so there is no upper limit on usable
      irrigation water. Any water above the reservoir capacity must be released to the river (spill). The
      ending storage must be equal to or greater than the beginning storage. The benefits per unit of
      water, and the estimated inflows to the reservoir in 3 months are given in Table 1. What is the
      diversion schedule that maximizes benefits?
       
      Month   |   Inflow (acre-ft)   | Irrigation Benefits ($/acre-ft)
       
      June   |         5,000         |    150
      July   |         3,200         |    170
      August |         2,000         |    425
       
       
      Ammon Wallace
      CEE 6410
      ammon.wallace@usu.edu
  28   
  29  * 1. Define the Sets
  30  Sets
  31  t Time of Month /June, July, August/
  32   
  33   
  34  * 2. Define Input Data
  35  Parameters
  36      c(t) Objective Function Coeffiecients ($ per ac-ft)
  37      /June 150, July 170, August 425/
  38   
  39      inflow(t) Inflow input data (ac-ft)
  40      /June 5000, July 3200, August 2000/;
  41   
  42  Positive Variables
  43      X_div(t)
  44      X_res(t)
  45      X_spill(t);
  46  Variables
  47      total_benefits
  48      Max_level
  49      Min_level;
  50   
  51  *Max_level = 9000;
  52  *Min_level = 3000;
  53   
  54  Equations
  55      Profit
  56      Capacity
  57      Protection_level
  58      Mass_balance;
  59   
  60  Profit.. total_benefits =E= sum(t, c(t)*X_div(t)) + sum(t, 0*X_res(t)) + sum(t, 0*X_spill(t));
  61  *Capacity(t).. X_res(t) =L= Max_level;
  62  *Protection_level(t).. X_res(t) =G= Min_level;
  63  Capacity(t).. X_res(t) =L= 9000;
  64  Protection_level(t).. X_res(t) =G= 3000;
  65  Mass_balance(t).. inflow(t) - X_div(t) - X_spill(t) =E= X_res(t) - 3000 $(ord(t) = 1)  - X_res(t-1);
  66   
  67  Model Reservoir /all/;
  68   
  69  Solve Reservoir using LP maximing total_benefits;


COMPILATION TIME     =        0.001 SECONDS      3 MB  54.4.0 9a60ae27 DAX-DAC
GAMS 54.4.0  9a60ae27 Sep 9, 2026           DAX-DAC arm 64bit/macOS - 09/29/26 14:34:30 Page 2
G e n e r a l   A l g e b r a i c   M o d e l i n g   S y s t e m
Equation Listing    SOLVE Reservoir Using LP From line 69


---- Profit  =E=  

Profit..  - 150*X_div(June) - 170*X_div(July) - 425*X_div(August) + total_benefits =E= 0 ; (LHS = 0)
     

---- Capacity  =L=  

Capacity(June)..  X_res(June) =L= 9000 ; (LHS = 0)
     
Capacity(July)..  X_res(July) =L= 9000 ; (LHS = 0)
     
Capacity(August)..  X_res(August) =L= 9000 ; (LHS = 0)
     

---- Protection_level  =G=  

Protection_level(June)..  X_res(June) =G= 3000 ; (LHS = 0, INFES = 3000 ****)
     
Protection_level(July)..  X_res(July) =G= 3000 ; (LHS = 0, INFES = 3000 ****)
     
Protection_level(August)..  X_res(August) =G= 3000 ; (LHS = 0, INFES = 3000 ****)
     

---- Mass_balance  =E=  

Mass_balance(June)..  - X_div(June) - X_res(June) - X_spill(June) =E= -8000 ; (LHS = 0, INFES = 8000 ****)
     
Mass_balance(July)..  - X_div(July) + X_res(June) - X_res(July) - X_spill(July) =E= -3200 ; (LHS = 0, INFES = 3200 ****)
     
Mass_balance(August)..  - X_div(August) + X_res(July) - X_res(August) - X_spill(August) =E= -2000 ; (LHS = 0, INFES = 2000 ****)
     
GAMS 54.4.0  9a60ae27 Sep 9, 2026           DAX-DAC arm 64bit/macOS - 09/29/26 14:34:30 Page 3
G e n e r a l   A l g e b r a i c   M o d e l i n g   S y s t e m
Column Listing      SOLVE Reservoir Using LP From line 69


---- X_div  

X_div(June)
                (.LO, .L, .UP, .M = 0, 0, +INF, 0)
     -150       Profit
       -1       Mass_balance(June)

X_div(July)
                (.LO, .L, .UP, .M = 0, 0, +INF, 0)
     -170       Profit
       -1       Mass_balance(July)

X_div(August)
                (.LO, .L, .UP, .M = 0, 0, +INF, 0)
     -425       Profit
       -1       Mass_balance(August)


---- X_res  

X_res(June)
                (.LO, .L, .UP, .M = 0, 0, +INF, 0)
        1       Capacity(June)
        1       Protection_level(June)
       -1       Mass_balance(June)
        1       Mass_balance(July)

X_res(July)
                (.LO, .L, .UP, .M = 0, 0, +INF, 0)
        1       Capacity(July)
        1       Protection_level(July)
       -1       Mass_balance(July)
        1       Mass_balance(August)

X_res(August)
                (.LO, .L, .UP, .M = 0, 0, +INF, 0)
        1       Capacity(August)
        1       Protection_level(August)
       -1       Mass_balance(August)


---- X_spill  

X_spill(June)
                (.LO, .L, .UP, .M = 0, 0, +INF, 0)
       -1       Mass_balance(June)

X_spill(July)
                (.LO, .L, .UP, .M = 0, 0, +INF, 0)
       -1       Mass_balance(July)

X_spill(August)
                (.LO, .L, .UP, .M = 0, 0, +INF, 0)
       -1       Mass_balance(August)


---- total_benefits  

total_benefits
                (.LO, .L, .UP, .M = -INF, 0, +INF, 0)
        1       Profit

GAMS 54.4.0  9a60ae27 Sep 9, 2026           DAX-DAC arm 64bit/macOS - 09/29/26 14:34:30 Page 4
G e n e r a l   A l g e b r a i c   M o d e l i n g   S y s t e m
Range Statistics    SOLVE Reservoir Using LP From line 69


RANGE STATISTICS (ABSOLUTE NON-ZERO FINITE VALUES)

RHS       [min, max] : [ 2.000E+03, 9.000E+03] - Zero values observed as well
Bound     [min, max] : [        NA,        NA] - Zero values observed as well
Matrix    [min, max] : [ 1.000E+00, 4.250E+02]

GAMS 54.4.0  9a60ae27 Sep 9, 2026           DAX-DAC arm 64bit/macOS - 09/29/26 14:34:30 Page 5
G e n e r a l   A l g e b r a i c   M o d e l i n g   S y s t e m
Model Statistics    SOLVE Reservoir Using LP From line 69


MODEL STATISTICS

BLOCKS OF EQUATIONS           4     SINGLE EQUATIONS           10
BLOCKS OF VARIABLES           4     SINGLE VARIABLES           10
NON ZERO ELEMENTS            21


GENERATION TIME      =        0.021 SECONDS      4 MB  54.4.0 9a60ae27 DAX-DAC
GAMS 54.4.0  9a60ae27 Sep 9, 2026           DAX-DAC arm 64bit/macOS - 09/29/26 14:34:30 Page 6
G e n e r a l   A l g e b r a i c   M o d e l i n g   S y s t e m
Solution Report     SOLVE Reservoir Using LP From line 69


               S O L V E      S U M M A R Y

     MODEL   Reservoir           OBJECTIVE  total_benefits
     TYPE    LP                  DIRECTION  MAXIMIZE
     SOLVER  CPLEX               FROM LINE  69

**** SOLVER STATUS     1 Normal Completion
**** MODEL STATUS      1 Optimal
**** OBJECTIVE VALUE          3774000.0000

 RESOURCE USAGE, LIMIT          0.004 10000000000.000
 ITERATION COUNT, LIMIT         0    2147483647
*** This solver runs with a community license.
--- GMO setup time: 0.00s
--- GMO memory 0.50 Mb (peak 0.50 Mb)
--- Dictionary memory 0.00 Mb
--- Cplex 22.1.2.0 link memory 0.00 Mb (peak 0.00 Mb)
--- Starting Cplex


--- LP status (1): optimal.
--- Cplex Time: 0.00sec (det. 0.01 ticks)


Optimal solution found
Objective:      3774000.000000


                           LOWER          LEVEL          UPPER         MARGINAL

---- EQU Profit              .              .              .             1.0000      

---- EQU Capacity  

              LOWER          LEVEL          UPPER         MARGINAL

June          -INF         8000.0000      9000.0000          .          
July          -INF         9000.0000      9000.0000       255.0000      
August        -INF         3000.0000      9000.0000          .          

---- EQU Protection_level  

              LOWER          LEVEL          UPPER         MARGINAL

June        3000.0000      8000.0000        +INF             .          
July        3000.0000      9000.0000        +INF             .          
August      3000.0000      3000.0000        +INF         -425.0000      

---- EQU Mass_balance  

              LOWER          LEVEL          UPPER         MARGINAL

June       -8000.0000     -8000.0000     -8000.0000      -170.0000      
July       -3200.0000     -3200.0000     -3200.0000      -170.0000      
August     -2000.0000     -2000.0000     -2000.0000      -425.0000      

---- VAR X_div  

              LOWER          LEVEL          UPPER         MARGINAL

June            .              .            +INF          -20.0000      
July            .          2200.0000        +INF             .          
August          .          8000.0000        +INF             .          

---- VAR X_res  

              LOWER          LEVEL          UPPER         MARGINAL

June            .          8000.0000        +INF             .          
July            .          9000.0000        +INF             .          
August          .          3000.0000        +INF             .          

---- VAR X_spill  

              LOWER          LEVEL          UPPER         MARGINAL

June            .              .            +INF         -170.0000      
July            .              .            +INF         -170.0000      
August          .              .            +INF         -425.0000      

                           LOWER          LEVEL          UPPER         MARGINAL

---- VAR total_ben~        -INF      3774000.0000        +INF             .          


**** REPORT SUMMARY :        0     NONOPT
                             0 INFEASIBLE
                             0  UNBOUNDED


EXECUTION TIME       =        0.092 SECONDS      4 MB  54.4.0 9a60ae27 DAX-DAC


USER: Course License                                 G260818+0003Ac-GEN
      Utah State University                                     DCE5615
      License for teaching and research at degree granting institutions


**** FILE SUMMARY

Input      /Users/ammonwallace/OneDrive - USU/2026-2027/Fall 2026/Engineering Systems Analysis/Code/HW3/reservoir_operation.gms
Output     /Users/ammonwallace/OneDrive - USU/2026-2027/Fall 2026/Engineering Systems Analysis/Code/HW3/reservoir_operation.lst
